Analysis & Synthesis report for insertion_sort
Sat Apr 10 20:38:45 2021
Version 5.0 Build 148 04/26/2005 SJ Full Version


---------------------
; Table of Contents ;
---------------------
  1. Legal Notice
  2. Analysis & Synthesis Summary
  3. Analysis & Synthesis Settings
  4. Analysis & Synthesis Source Files Read
  5. Analysis & Synthesis Resource Usage Summary
  6. Analysis & Synthesis Resource Utilization by Entity
  7. General Register Statistics
  8. Multiplexer Restructuring Statistics (Restructuring Performed)
  9. Parameter Settings for User Entity Instance: Top-level Entity: |insertion_sort
 10. Analysis & Synthesis Equations
 11. Analysis & Synthesis Messages



----------------
; Legal Notice ;
----------------
Copyright (C) 1991-2005 Altera Corporation
Your use of Altera Corporation's design tools, logic functions 
and other software and tools, and its AMPP partner logic       
functions, and any output files any of the foregoing           
(including device programming or simulation files), and any    
associated documentation or information are expressly subject  
to the terms and conditions of the Altera Program License      
Subscription Agreement, Altera MegaCore Function License       
Agreement, or other applicable license agreement, including,   
without limitation, that your use is for the sole purpose of   
programming logic devices manufactured by Altera and sold by   
Altera or its authorized distributors.  Please refer to the    
applicable agreement for further details.



+------------------------------------------------------------------------+
; Analysis & Synthesis Summary                                           ;
+-----------------------------+------------------------------------------+
; Analysis & Synthesis Status ; Successful - Sat Apr 10 20:38:45 2021    ;
; Quartus II Version          ; 5.0 Build 148 04/26/2005 SJ Full Version ;
; Revision Name               ; insertion_sort                           ;
; Top-level Entity Name       ; insertion_sort                           ;
; Family                      ; Stratix                                  ;
; Total logic elements        ; 257                                      ;
; Total pins                  ; 135                                      ;
; Total virtual pins          ; 0                                        ;
; Total memory bits           ; 0                                        ;
; DSP block 9-bit elements    ; 0                                        ;
; Total PLLs                  ; 0                                        ;
; Total DLLs                  ; 0                                        ;
+-----------------------------+------------------------------------------+


+------------------------------------------------------------------------------------------------------+
; Analysis & Synthesis Settings                                                                        ;
+--------------------------------------------------------------------+----------------+----------------+
; Option                                                             ; Setting        ; Default Value  ;
+--------------------------------------------------------------------+----------------+----------------+
; Top-level entity name                                              ; insertion_sort ; insertion_sort ;
; Family name                                                        ; Stratix        ; Stratix        ;
; Type of Retiming Performed During Resynthesis                      ; Full           ;                ;
; Resynthesis Optimization Effort                                    ; Normal         ;                ;
; Physical Synthesis Level for Resynthesis                           ; Normal         ;                ;
; Use Generated Physical Constraints File                            ; On             ;                ;
; Use smart compilation                                              ; Off            ; Off            ;
; Restructure Multiplexers                                           ; Auto           ; Auto           ;
; Create Debugging Nodes for IP Cores                                ; off            ; off            ;
; Preserve fewer node names                                          ; On             ; On             ;
; Disable OpenCore Plus hardware evaluation                          ; Off            ; Off            ;
; Verilog Version                                                    ; Verilog_2001   ; Verilog_2001   ;
; VHDL Version                                                       ; VHDL93         ; VHDL93         ;
; State Machine Processing                                           ; Auto           ; Auto           ;
; Extract Verilog State Machines                                     ; On             ; On             ;
; Extract VHDL State Machines                                        ; On             ; On             ;
; Add Pass-Through Logic to Inferred RAMs                            ; On             ; On             ;
; DSP Block Balancing                                                ; Auto           ; Auto           ;
; Maximum DSP Block Usage                                            ; -1             ; -1             ;
; NOT Gate Push-Back                                                 ; On             ; On             ;
; Power-Up Don't Care                                                ; On             ; On             ;
; Remove Redundant Logic Cells                                       ; Off            ; Off            ;
; Remove Duplicate Registers                                         ; On             ; On             ;
; Ignore CARRY Buffers                                               ; Off            ; Off            ;
; Ignore CASCADE Buffers                                             ; Off            ; Off            ;
; Ignore GLOBAL Buffers                                              ; Off            ; Off            ;
; Ignore ROW GLOBAL Buffers                                          ; Off            ; Off            ;
; Ignore LCELL Buffers                                               ; Off            ; Off            ;
; Ignore SOFT Buffers                                                ; On             ; On             ;
; Limit AHDL Integers to 32 Bits                                     ; Off            ; Off            ;
; Optimization Technique -- Stratix/Stratix GX                       ; Balanced       ; Balanced       ;
; Carry Chain Length -- Stratix/Stratix GX/Cyclone/MAX II/Cyclone II ; 70             ; 70             ;
; Auto Carry Chains                                                  ; On             ; On             ;
; Auto Open-Drain Pins                                               ; On             ; On             ;
; Remove Duplicate Logic                                             ; On             ; On             ;
; Perform WYSIWYG Primitive Resynthesis                              ; Off            ; Off            ;
; Perform gate-level register retiming                               ; Off            ; Off            ;
; Allow register retiming to trade off Tsu/Tco with Fmax             ; On             ; On             ;
; Auto ROM Replacement                                               ; On             ; On             ;
; Auto RAM Replacement                                               ; On             ; On             ;
; Auto DSP Block Replacement                                         ; On             ; On             ;
; Auto Shift Register Replacement                                    ; On             ; On             ;
; Auto Clock Enable Replacement                                      ; On             ; On             ;
; Allows Synchronous Control Signal Usage in Normal Mode Logic Cells ; On             ; On             ;
; Auto RAM Block Balancing                                           ; On             ; On             ;
; Auto Resource Sharing                                              ; Off            ; Off            ;
; Allow Any RAM Size For Recognition                                 ; Off            ; Off            ;
; Allow Any ROM Size For Recognition                                 ; Off            ; Off            ;
; Allow Any Shift Register Size For Recognition                      ; Off            ; Off            ;
; Maximum Number of M512 Memory Blocks                               ; -1             ; -1             ;
; Maximum Number of M4K Memory Blocks                                ; -1             ; -1             ;
; Maximum Number of M-RAM Memory Blocks                              ; -1             ; -1             ;
; Ignore translate_off and translate_on Synthesis Directives         ; Off            ; Off            ;
; Show Parameter Settings Tables in Synthesis Report                 ; On             ; On             ;
+--------------------------------------------------------------------+----------------+----------------+


+------------------------------------------------------------------------------------------------------------------------+
; Analysis & Synthesis Source Files Read                                                                                 ;
+----------------------------------+-----------------+------------------------+------------------------------------------+
; File Name with User-Entered Path ; Used in Netlist ; File Type              ; File Name with Absolute Path             ;
+----------------------------------+-----------------+------------------------+------------------------------------------+
; insertion_sort.v                 ; yes             ; User Verilog HDL File  ; V:/lab_3/insertion_sort/insertion_sort.v ;
+----------------------------------+-----------------+------------------------+------------------------------------------+


+---------------------------------------------+
; Analysis & Synthesis Resource Usage Summary ;
+-----------------------------------+---------+
; Resource                          ; Usage   ;
+-----------------------------------+---------+
; Total logic elements              ; 257     ;
; Total combinational functions     ; 192     ;
;     -- Total 4-input functions    ; 81      ;
;     -- Total 3-input functions    ; 88      ;
;     -- Total 2-input functions    ; 20      ;
;     -- Total 1-input functions    ; 3       ;
;     -- Total 0-input functions    ; 0       ;
; Combinational cells for routing   ; 0       ;
; Total registers                   ; 147     ;
; Total logic cells in carry chains ; 12      ;
; I/O pins                          ; 135     ;
; Maximum fan-out node              ; clk     ;
; Maximum fan-out                   ; 147     ;
; Total fan-out                     ; 1165    ;
; Average fan-out                   ; 2.97    ;
+-----------------------------------+---------+


+--------------------------------------------------------------------------------------------------------------------------------------------------------------------------------------------------------------------------------------------+
; Analysis & Synthesis Resource Utilization by Entity                                                                                                                                                                                        ;
+----------------------------+-------------+--------------+-------------+--------------+---------+-----------+-----------+------+--------------+--------------+-------------------+------------------+-----------------+---------------------+
; Compilation Hierarchy Node ; Logic Cells ; LC Registers ; Memory Bits ; DSP Elements ; DSP 9x9 ; DSP 18x18 ; DSP 36x36 ; Pins ; Virtual Pins ; LUT-Only LCs ; Register-Only LCs ; LUT/Register LCs ; Carry Chain LCs ; Full Hierarchy Name ;
+----------------------------+-------------+--------------+-------------+--------------+---------+-----------+-----------+------+--------------+--------------+-------------------+------------------+-----------------+---------------------+
; |insertion_sort            ; 257 (257)   ; 147          ; 0           ; 0            ; 0       ; 0         ; 0         ; 135  ; 0            ; 110 (110)    ; 65 (65)           ; 82 (82)          ; 12 (12)         ; |insertion_sort     ;
+----------------------------+-------------+--------------+-------------+--------------+---------+-----------+-----------+------+--------------+--------------+-------------------+------------------+-----------------+---------------------+
Note: For table entries with two numbers listed, the numbers in parentheses indicate the number of resources of the given type used by the specific entity alone. The numbers listed outside of parentheses indicate the total resources of the given type used by the specific entity and all of its sub-entities in the hierarchy.


+------------------------------------------------------+
; General Register Statistics                          ;
+----------------------------------------------+-------+
; Statistic                                    ; Value ;
+----------------------------------------------+-------+
; Total registers                              ; 147   ;
; Number of registers using Synchronous Clear  ; 0     ;
; Number of registers using Synchronous Load   ; 8     ;
; Number of registers using Asynchronous Clear ; 83    ;
; Number of registers using Asynchronous Load  ; 0     ;
; Number of registers using Clock Enable       ; 145   ;
; Number of registers using Preset             ; 0     ;
+----------------------------------------------+-------+


+-------------------------------------------------------------------------------------------------------------------------------------------+
; Multiplexer Restructuring Statistics (Restructuring Performed)                                                                            ;
+--------------------+-----------+---------------+----------------------+------------------------+------------+-----------------------------+
; Multiplexer Inputs ; Bus Width ; Baseline Area ; Area if Restructured ; Saving if Restructured ; Registered ; Example Multiplexer Output  ;
+--------------------+-----------+---------------+----------------------+------------------------+------------+-----------------------------+
; 8:1                ; 3 bits    ; 15 LEs        ; 3 LEs                ; 12 LEs                 ; Yes        ; |insertion_sort|i[2]        ;
; 8:1                ; 8 bits    ; 40 LEs        ; 40 LEs               ; 0 LEs                  ; Yes        ; |insertion_sort|key[0]      ;
; 10:1               ; 8 bits    ; 48 LEs        ; 8 LEs                ; 40 LEs                 ; Yes        ; |insertion_sort|array[6][7] ;
; 10:1               ; 8 bits    ; 48 LEs        ; 8 LEs                ; 40 LEs                 ; Yes        ; |insertion_sort|array[7][7] ;
; 10:1               ; 8 bits    ; 48 LEs        ; 8 LEs                ; 40 LEs                 ; Yes        ; |insertion_sort|array[4][7] ;
; 10:1               ; 8 bits    ; 48 LEs        ; 8 LEs                ; 40 LEs                 ; Yes        ; |insertion_sort|array[5][0] ;
; 10:1               ; 8 bits    ; 48 LEs        ; 8 LEs                ; 40 LEs                 ; Yes        ; |insertion_sort|array[2][3] ;
; 10:1               ; 8 bits    ; 48 LEs        ; 8 LEs                ; 40 LEs                 ; Yes        ; |insertion_sort|array[3][0] ;
; 10:1               ; 8 bits    ; 48 LEs        ; 8 LEs                ; 40 LEs                 ; Yes        ; |insertion_sort|array[0][3] ;
; 10:1               ; 8 bits    ; 48 LEs        ; 8 LEs                ; 40 LEs                 ; Yes        ; |insertion_sort|array[1][0] ;
; 10:1               ; 4 bits    ; 24 LEs        ; 0 LEs                ; 24 LEs                 ; Yes        ; |insertion_sort|j[0]        ;
; 8:1                ; 8 bits    ; 40 LEs        ; 40 LEs               ; 0 LEs                  ; No         ; |insertion_sort|Mux~8       ;
+--------------------+-----------+---------------+----------------------+------------------------+------------+-----------------------------+


+--------------------------------------------------------------------------------+
; Parameter Settings for User Entity Instance: Top-level Entity: |insertion_sort ;
+----------------+-------+-------------------------------------------------------+
; Parameter Name ; Value ; Type                                                  ;
+----------------+-------+-------------------------------------------------------+
; WIDTH          ; 8     ; Integer                                               ;
; SIZE           ; 8     ; Integer                                               ;
+----------------+-------+-------------------------------------------------------+
Note: In order to hide this table in the UI and the text report file, please set the "Show Parameter Settings Tables in Synthesis Report" option in "Analysis and Synthesis Settings -> More Settings" to "Off".


+--------------------------------+
; Analysis & Synthesis Equations ;
+--------------------------------+
The equations can be found in V:/lab_3/insertion_sort/insertion_sort.map.eqn.


+-------------------------------+
; Analysis & Synthesis Messages ;
+-------------------------------+
Info: *******************************************************************
Info: Running Quartus II Analysis & Synthesis
    Info: Version 5.0 Build 148 04/26/2005 SJ Full Version
    Info: Processing started: Sat Apr 10 20:38:43 2021
Info: Command: quartus_map --read_settings_files=on --write_settings_files=off insertion_sort -c insertion_sort
Info: (10281) Verilog HDL information at insertion_sort.v(21): variable name "DONE" and variable name "done" should not differ only in case
Warning: Verilog HDL syntax warning at insertion_sort.v(143): extra block comment delimiter characters /* within block comment
Info: Found 1 design units, including 1 entities, in source file insertion_sort.v
    Info: Found entity 1: insertion_sort
Info: Elaborating entity "insertion_sort" for the top level hierarchy
Warning: Verilog HDL assignment warning at insertion_sort.v(28): truncated value with size 32 to match size of target (8)
Warning: Verilog HDL assignment warning at insertion_sort.v(31): truncated value with size 32 to match size of target (1)
Warning: Verilog HDL assignment warning at insertion_sort.v(32): truncated value with size 32 to match size of target (4)
Warning: Verilog HDL assignment warning at insertion_sort.v(33): truncated value with size 32 to match size of target (4)
Warning: Verilog HDL assignment warning at insertion_sort.v(34): truncated value with size 32 to match size of target (8)
Warning: Verilog HDL assignment warning at insertion_sort.v(47): truncated value with size 32 to match size of target (4)
Warning: Verilog HDL assignment warning at insertion_sort.v(54): truncated value with size 32 to match size of target (4)
Warning: Verilog HDL assignment warning at insertion_sort.v(64): truncated value with size 32 to match size of target (4)
Warning: Verilog HDL assignment warning at insertion_sort.v(67): truncated value with size 32 to match size of target (4)
Warning: Verilog HDL assignment warning at insertion_sort.v(73): truncated value with size 32 to match size of target (1)
Warning: Verilog HDL assignment warning at insertion_sort.v(77): truncated value with size 32 to match size of target (1)
Info: Implemented 392 device resources after synthesis - the final resource count might be different
    Info: Implemented 67 input pins
    Info: Implemented 68 output pins
    Info: Implemented 257 logic cells
Info: Quartus II Analysis & Synthesis was successful. 0 errors, 12 warnings
    Info: Processing ended: Sat Apr 10 20:38:45 2021
    Info: Elapsed time: 00:00:02


